// Jest Snapshot v1, https://goo.gl/fbAQLP

exports[`Button renders properly 1`] = `
ShallowWrapper {
  Symbol(enzyme.__root__): [Circular],
  Symbol(enzyme.__unrendered__): <Unknown
    theme={
        Object {
            "colors": Object {
              "black": "#0C0C0C",
              "disabled": "#bababa",
              "green": "#13c413",
              "grey": "#7D7D7D",
              "primary": "#5862EF",
              "secondary": "#F50E5C",
            },
            "colorsHover": Object {
              "disabled": "#bababa",
              "green": "#16e016",
              "primary": "#626BEF",
              "secondary": "#FC3679",
            },
          }
    }
/>,
  Symbol(enzyme.__renderer__): Object {
    "batchedUpdates": [Function],
    "getNode": [Function],
    "render": [Function],
    "simulateError": [Function],
    "simulateEvent": [Function],
    "unmount": [Function],
  },
  Symbol(enzyme.__node__): Object {
    "instance": null,
    "key": undefined,
    "nodeType": "class",
    "props": Object {
      "children": undefined,
      "theme": Object {
        "colors": Object {
          "black": "#0C0C0C",
          "disabled": "#bababa",
          "green": "#13c413",
          "grey": "#7D7D7D",
          "primary": "#5862EF",
          "secondary": "#F50E5C",
        },
        "colorsHover": Object {
          "disabled": "#bababa",
          "green": "#16e016",
          "primary": "#626BEF",
          "secondary": "#FC3679",
        },
      },
    },
    "ref": null,
    "rendered": null,
    "type": [Function],
  },
  Symbol(enzyme.__nodes__): Array [
    Object {
      "instance": null,
      "key": undefined,
      "nodeType": "class",
      "props": Object {
        "children": undefined,
        "theme": Object {
          "colors": Object {
            "black": "#0C0C0C",
            "disabled": "#bababa",
            "green": "#13c413",
            "grey": "#7D7D7D",
            "primary": "#5862EF",
            "secondary": "#F50E5C",
          },
          "colorsHover": Object {
            "disabled": "#bababa",
            "green": "#16e016",
            "primary": "#626BEF",
            "secondary": "#FC3679",
          },
        },
      },
      "ref": null,
      "rendered": null,
      "type": [Function],
    },
  ],
  Symbol(enzyme.__options__): Object {
    "adapter": ReactSixteenAdapter {
      "options": Object {
        "enableComponentDidUpdateOnSetState": true,
        "lifecycles": Object {
          "componentDidUpdate": Object {
            "onSetState": true,
          },
          "getDerivedStateFromProps": true,
          "getSnapshotBeforeUpdate": true,
          "setState": Object {
            "skipsComponentDidUpdateOnNullish": true,
          },
        },
      },
    },
  },
}
`;
